
> micro-apps-portal@0.1.0 build
> next build

  Γû▓ Next.js 15.0.0
  - Environments: .env.local

   Creating an optimized production build ...
 Γ£ô Compiled successfully
   Linting and checking validity of types ...
   Collecting page data ...
   Generating static pages (0/17) ...
   Generating static pages (4/17) 
   Generating static pages (8/17) 
   Generating static pages (12/17) 
 Γ£ô Generating static pages (17/17)
   Finalizing page optimization ...
   Collecting build traces ...

Route (app)                              Size     First Load JS
Γöî Γùï /                                    5.92 kB         121 kB
Γö£ Γùï /_not-found                          901 B           100 kB
Γö£ Γùï /apps/analytics                      10.1 kB         176 kB
Γö£ Γùï /apps/crm                            1.89 kB         184 kB
Γö£ Γùï /apps/crm/customers                  1.18 kB         175 kB
Γö£ Γùï /apps/documents                      7.43 kB         173 kB
Γö£ Γùï /apps/inventory                      8.77 kB         174 kB
Γö£ Γùï /apps/payroll                        8.73 kB         174 kB
Γö£ ╞Æ /auth/callback                       141 B          99.6 kB
Γö£ ╞Æ /auth/signout                        141 B          99.6 kB
Γö£ Γùï /dashboard                           159 kB          334 kB
Γö£ Γùï /forgot-password                     5.61 kB         180 kB
Γö£ Γùï /login                               5.85 kB         180 kB
Γö£ Γùï /settings                            7.25 kB         182 kB
Γöö Γùï /signup                              5.87 kB         181 kB
+ First Load JS shared by all            99.4 kB
  Γö£ chunks/215-ba4bdde7a60fbc9b.js       44.9 kB
  Γö£ chunks/4bd1b696-988dbac3a3b74666.js  52.6 kB
  Γöö other shared chunks (total)          1.92 kB


╞Æ Middleware                             84.1 kB

Γùï  (Static)   prerendered as static content
╞Æ  (Dynamic)  server-rendered on demand

